// Jest Snapshot v1, https://goo.gl/fbAQLP

exports[`DashboardRepoList should matches snapshot 1`] = `
<DocumentFragment>
  <div
    class="css-bl1qof"
  >
    <div
      class="css-3a3hw0"
    >
      <div
        class="chakra-skeleton css-t9zdla"
      />
    </div>
    <div
      class="css-3a3hw0"
    >
      <div
        class="chakra-skeleton css-t9zdla"
      />
    </div>
    <div
      class="css-3a3hw0"
    >
      <div
        class="chakra-skeleton css-t9zdla"
      />
    </div>
    <div
      class="css-3a3hw0"
    >
      <div
        class="chakra-skeleton css-t9zdla"
      />
    </div>
  </div>
</DocumentFragment>
`;
