// Jest Snapshot v1, https://goo.gl/fbAQLP

exports[`AddAnalysis should matches snapshot 1`] = `
<DocumentFragment>
  <a
    class="chakra-button css-t68bru"
    href="/repos/new"
  >
    New Analysis
  </a>
</DocumentFragment>
`;
