// Jest Snapshot v1, https://goo.gl/fbAQLP

exports[`ChevronIcon should matches snapshot 1`] = `
<DocumentFragment>
  <svg
    class="chakra-icon css-q5208i"
    focusable="false"
    viewBox="0 0 24 24"
  >
    <path
      d="M16 4.4c.3.3.4.6.4 1s-.1.7-.4 1L10.4 12l5.6 5.6c.3.3.4.6.4 1s-.1.7-.4 1c-.3.3-.6.4-1 .4s-.7-.1-1-.4L7.4 13c-.1-.1-.3-.3-.3-.5a1.6 1.6 0 0 1 0-1c0-.2.2-.4.3-.5L14 4.4c.3-.3.6-.4 1-.4s.7.1 1 .4Z"
      fill="currentColor"
    />
  </svg>
</DocumentFragment>
`;
